../Core/Src/board_hw.c:21:13:boardhw_enable_dwt	4	static
../Core/Src/board_hw.c:27:17:boardhw_micros	4	static
../Core/Src/board_hw.c:31:13:boardhw_delay_us	24	static
../Core/Src/board_hw.c:38:13:boardhw_init_gpio	40	static
../Core/Src/board_hw.c:99:13:boardhw_init_motor_pwm	16	static
../Core/Src/board_hw.c:114:13:boardhw_init_buzzer_pwm	16	static
../Core/Src/board_hw.c:126:13:boardhw_init_adc	16	static
../Core/Src/board_hw.c:149:16:boardhw_read_encoder_ab	16	static
../Core/Src/board_hw.c:156:6:BoardHw_Init	8	static
../Core/Src/board_hw.c:169:6:BoardHw_Task	16	static
../Core/Src/board_hw.c:209:6:BoardHw_SetRelay	16	static
../Core/Src/board_hw.c:213:9:BoardHw_GetRelay	8	static
../Core/Src/board_hw.c:217:6:BoardHw_BuzzerBeep	24	static
../Core/Src/board_hw.c:238:6:BoardHw_BuzzerStop	4	static
../Core/Src/board_hw.c:244:9:BoardHw_IsBuzzerActive	4	static
../Core/Src/board_hw.c:248:6:BoardHw_SetServoAngle	16	static
../Core/Src/board_hw.c:256:6:BoardHw_SetMotorSpeed	24	static
../Core/Src/board_hw.c:268:6:BoardHw_StopMotor	4	static
../Core/Src/board_hw.c:273:6:BoardHw_ReadAht20	48	static
../Core/Src/board_hw.c:311:6:BoardHw_ReadUltrasonic	32	static
../Core/Src/board_hw.c:345:10:BoardHw_ReadAdcChannel	16	static
../Core/Src/board_hw.c:355:6:BoardHw_GetInputState	16	static
../Core/Src/board_hw.c:368:9:BoardHw_ReadTCRT5000_D0	8	static
../Core/Src/board_hw.c:381:10:BoardHw_ReadTCRT5000_A0	8	static
