../Core/Src/main.c:84:5:main	16	static
../Core/Src/main.c:153:6:SystemClock_Config	72	static
../Core/Src/main.c:193:13:MX_I2C1_Init	8	static
../Core/Src/main.c:227:13:MX_TIM2_Init	32	static
../Core/Src/main.c:272:13:MX_TIM3_Init	16	static
../Core/Src/main.c:311:13:MX_USART2_UART_Init	8	static
../Core/Src/main.c:344:13:MX_USART3_UART_Init	8	static
../Core/Src/main.c:375:13:MX_DMA_Init	16	static
../Core/Src/main.c:402:13:MX_GPIO_Init	40	static
../Core/Src/main.c:450:6:Error_Handler	4	static,ignoring_inline_asm
