../Core/Src/oled.c:21:6:OLED_Send	24	static
../Core/Src/oled.c:25:6:OLED_SendCmd	16	static
../Core/Src/oled.c:33:6:OLED_Init	8	static
../Core/Src/oled.c:84:6:OLED_DisPlay_On	8	static
../Core/Src/oled.c:90:6:OLED_DisPlay_Off	8	static
../Core/Src/oled.c:96:6:OLED_SetColorMode	16	static
../Core/Src/oled.c:107:6:OLED_NewFrame	8	static
../Core/Src/oled.c:111:6:OLED_ShowFrame	16	static
../Core/Src/oled.c:123:6:OLED_SetPixel	16	static
../Core/Src/oled.c:132:6:OLED_SetByte_Fine	16	static
../Core/Src/oled.c:142:6:OLED_SetByte	16	static
../Core/Src/oled.c:148:6:OLED_SetBits_Fine	40	static
../Core/Src/oled.c:159:6:OLED_SetBits	40	static
../Core/Src/oled.c:168:6:OLED_SetBlock	40	static
../Core/Src/oled.c:186:6:OLED_DrawLine	40	static
../Core/Src/oled.c:215:6:OLED_DrawRectangle	32	static
../Core/Src/oled.c:222:6:OLED_DrawFilledRectangle	40	static
../Core/Src/oled.c:226:6:OLED_DrawTriangle	32	static
../Core/Src/oled.c:232:6:OLED_DrawFilledTriangle	40	static
../Core/Src/oled.c:248:6:OLED_DrawCircle	32	static
../Core/Src/oled.c:263:6:OLED_DrawFilledCircle	40	static
../Core/Src/oled.c:274:6:OLED_DrawEllipse	56	static
../Core/Src/oled.c:293:6:OLED_DrawImage	32	static
../Core/Src/oled.c:299:6:OLED_PrintASCIIChar	32	static
../Core/Src/oled.c:303:6:OLED_PrintASCIIString	40	static
../Core/Src/oled.c:312:9:_OLED_GetUTF8Len	16	static
../Core/Src/oled.c:320:6:OLED_PrintString	56	static
