../Core/Src/stm32f1xx_it.c:67:6:NMI_Handler	4	static
../Core/Src/stm32f1xx_it.c:82:6:HardFault_Handler	4	static
../Core/Src/stm32f1xx_it.c:97:6:MemManage_Handler	4	static
../Core/Src/stm32f1xx_it.c:112:6:BusFault_Handler	4	static
../Core/Src/stm32f1xx_it.c:127:6:UsageFault_Handler	4	static
../Core/Src/stm32f1xx_it.c:142:6:SVC_Handler	4	static
../Core/Src/stm32f1xx_it.c:155:6:DebugMon_Handler	4	static
../Core/Src/stm32f1xx_it.c:168:6:PendSV_Handler	4	static
../Core/Src/stm32f1xx_it.c:181:6:SysTick_Handler	8	static
../Core/Src/stm32f1xx_it.c:202:6:PVD_IRQHandler	8	static
../Core/Src/stm32f1xx_it.c:216:6:FLASH_IRQHandler	8	static
../Core/Src/stm32f1xx_it.c:230:6:RCC_IRQHandler	4	static
../Core/Src/stm32f1xx_it.c:243:6:DMA1_Channel2_IRQHandler	8	static
../Core/Src/stm32f1xx_it.c:257:6:DMA1_Channel3_IRQHandler	8	static
../Core/Src/stm32f1xx_it.c:271:6:DMA1_Channel6_IRQHandler	8	static
../Core/Src/stm32f1xx_it.c:285:6:DMA1_Channel7_IRQHandler	8	static
../Core/Src/stm32f1xx_it.c:299:6:TIM2_IRQHandler	8	static
../Core/Src/stm32f1xx_it.c:313:6:TIM3_IRQHandler	8	static
../Core/Src/stm32f1xx_it.c:327:6:I2C1_EV_IRQHandler	8	static
../Core/Src/stm32f1xx_it.c:341:6:I2C1_ER_IRQHandler	8	static
../Core/Src/stm32f1xx_it.c:355:6:USART2_IRQHandler	8	static
../Core/Src/stm32f1xx_it.c:369:6:USART3_IRQHandler	8	static
