../Core/Src/stm32f1xx_it.c:20:6:NMI_Handler	4	static
../Core/Src/stm32f1xx_it.c:21:6:HardFault_Handler	4	static
../Core/Src/stm32f1xx_it.c:22:6:MemManage_Handler	4	static
../Core/Src/stm32f1xx_it.c:23:6:BusFault_Handler	4	static
../Core/Src/stm32f1xx_it.c:24:6:UsageFault_Handler	4	static
../Core/Src/stm32f1xx_it.c:25:6:SVC_Handler	4	static
../Core/Src/stm32f1xx_it.c:26:6:DebugMon_Handler	4	static
../Core/Src/stm32f1xx_it.c:27:6:PendSV_Handler	4	static
../Core/Src/stm32f1xx_it.c:29:6:SysTick_Handler	8	static
../Core/Src/stm32f1xx_it.c:39:6:DMA1_Channel7_IRQHandler	8	static
../Core/Src/stm32f1xx_it.c:43:6:DMA1_Channel6_IRQHandler	8	static
../Core/Src/stm32f1xx_it.c:48:6:USART2_IRQHandler	8	static
